1 0 -1.000000000e+00
2 1  5.000000000e-01
3 2  1.666666667e-01
