0 0  1.000000000e+00
0 2 -1.000000000e+00
0 4  1.000000000e-01
1 1  1.414213562e+00
1 2  7.071067812e-01
2 2  1.224744871e+00
2 4 -7.348469228e-01
3 3  2.000000000e+00
4 4  2.109502311e+00
